[35m[1mScanning dependencies of target geometry_msgs_generate_messages_eus[0m
[  0%] Built target geometry_msgs_generate_messages_eus
[35m[1mScanning dependencies of target std_msgs_generate_messages_py[0m
[  0%] Built target std_msgs_generate_messages_py
[35m[1mScanning dependencies of target geometry_msgs_generate_messages_py[0m
[  0%] Built target geometry_msgs_generate_messages_py
[35m[1mScanning dependencies of target std_msgs_generate_messages_nodejs[0m
[  0%] Built target std_msgs_generate_messages_nodejs
[35m[1mScanning dependencies of target geometry_msgs_generate_messages_nodejs[0m
[  0%] Built target geometry_msgs_generate_messages_nodejs
[35m[1mScanning dependencies of target std_msgs_generate_messages_lisp[0m
[  0%] Built target std_msgs_generate_messages_lisp
[35m[1mScanning dependencies of target geometry_msgs_generate_messages_lisp[0m
[  0%] Built target geometry_msgs_generate_messages_lisp
[35m[1mScanning dependencies of target rosgraph_msgs_generate_messages_eus[0m
[  0%] Built target rosgraph_msgs_generate_messages_eus
[35m[1mScanning dependencies of target rosgraph_msgs_generate_messages_cpp[0m
[  0%] Built target rosgraph_msgs_generate_messages_cpp
[35m[1mScanning dependencies of target roscpp_generate_messages_nodejs[0m
[  0%] Built target roscpp_generate_messages_nodejs
[35m[1mScanning dependencies of target std_msgs_generate_messages_eus[0m
[  0%] Built target std_msgs_generate_messages_eus
[35m[1mScanning dependencies of target geometry_msgs_generate_messages_cpp[0m
[  0%] Built target geometry_msgs_generate_messages_cpp
[35m[1mScanning dependencies of target roscpp_generate_messages_eus[0m
[  0%] Built target roscpp_generate_messages_eus
[35m[1mScanning dependencies of target dzsavepath_generate_messages_eus[0m
[ 25%] [34m[1mGenerating EusLisp manifest code for dzsavepath[0m
[ 25%] Built target dzsavepath_generate_messages_eus
[35m[1mScanning dependencies of target roscpp_generate_messages_cpp[0m
[ 25%] Built target roscpp_generate_messages_cpp
[35m[1mScanning dependencies of target roscpp_generate_messages_py[0m
[ 25%] Built target roscpp_generate_messages_py
[35m[1mScanning dependencies of target rosgraph_msgs_generate_messages_py[0m
[ 25%] Built target rosgraph_msgs_generate_messages_py
[35m[1mScanning dependencies of target rosgraph_msgs_generate_messages_lisp[0m
[ 25%] Built target rosgraph_msgs_generate_messages_lisp
[35m[1mScanning dependencies of target roscpp_generate_messages_lisp[0m
[ 25%] Built target roscpp_generate_messages_lisp
[35m[1mScanning dependencies of target std_msgs_generate_messages_cpp[0m
[ 25%] Built target std_msgs_generate_messages_cpp
[35m[1mScanning dependencies of target rosgraph_msgs_generate_messages_nodejs[0m
[ 25%] Built target rosgraph_msgs_generate_messages_nodejs
[35m[1mScanning dependencies of target dzsavepath_generate_messages_py[0m
[ 25%] Built target dzsavepath_generate_messages_py
[35m[1mScanning dependencies of target dzsavepath_generate_messages_nodejs[0m
[ 25%] Built target dzsavepath_generate_messages_nodejs
[35m[1mScanning dependencies of target dzsavepath_generate_messages_lisp[0m
[ 25%] Built target dzsavepath_generate_messages_lisp
[35m[1mScanning dependencies of target dzsavepath_generate_messages_cpp[0m
[ 25%] Built target dzsavepath_generate_messages_cpp
[35m[1mScanning dependencies of target dzsavepath[0m
[ 50%] [32mBuilding CXX object CMakeFiles/dzsavepath.dir/src/dzsavepath.cpp.o[0m
[ 75%] [32mBuilding CXX object CMakeFiles/dzsavepath.dir/src/savepath.cpp.o[0m
[100%] [32m[1mLinking CXX executable /home/duzhong/dzacs/devel/.private/dzsavepath/lib/dzsavepath/dzsavepath[0m
[35m[1mScanning dependencies of target dzsavepath_generate_messages[0m
[100%] Built target dzsavepath_generate_messages
[100%] Built target dzsavepath
