Symlinking /home/duzhong/dzacs/devel/include/move_base_msgs/MoveBaseActionFeedback.h
Symlinking /home/duzhong/dzacs/devel/include/move_base_msgs/pathpoint.h
Symlinking /home/duzhong/dzacs/devel/include/move_base_msgs/MoveBaseAction.h
Symlinking /home/duzhong/dzacs/devel/include/move_base_msgs/MoveBaseActionResult.h
Symlinking /home/duzhong/dzacs/devel/include/move_base_msgs/MoveBaseFeedback.h
Symlinking /home/duzhong/dzacs/devel/include/move_base_msgs/MoveBaseActionGoal.h
Symlinking /home/duzhong/dzacs/devel/include/move_base_msgs/hglocation.h
Symlinking /home/duzhong/dzacs/devel/include/move_base_msgs/MoveBaseGoal.h
Symlinking /home/duzhong/dzacs/devel/include/move_base_msgs/MoveBaseResult.h
Symlinking /home/duzhong/dzacs/devel/include/move_base_msgs/hgpathplanner.h
Symlinking /home/duzhong/dzacs/devel/share/common-lisp/ros/move_base_msgs/msg/MoveBaseActionResult.lisp
Symlinking /home/duzhong/dzacs/devel/share/common-lisp/ros/move_base_msgs/msg/move_base_msgs-msg.asd
Symlinking /home/duzhong/dzacs/devel/share/common-lisp/ros/move_base_msgs/msg/_package.lisp
Symlinking /home/duzhong/dzacs/devel/share/common-lisp/ros/move_base_msgs/msg/MoveBaseGoal.lisp
Symlinking /home/duzhong/dzacs/devel/share/common-lisp/ros/move_base_msgs/msg/MoveBaseActionGoal.lisp
Symlinking /home/duzhong/dzacs/devel/share/common-lisp/ros/move_base_msgs/msg/_package_MoveBaseActionResult.lisp
Symlinking /home/duzhong/dzacs/devel/share/common-lisp/ros/move_base_msgs/msg/hglocation.lisp
Symlinking /home/duzhong/dzacs/devel/share/common-lisp/ros/move_base_msgs/msg/_package_MoveBaseResult.lisp
Symlinking /home/duzhong/dzacs/devel/share/common-lisp/ros/move_base_msgs/msg/_package_pathpoint.lisp
Symlinking /home/duzhong/dzacs/devel/share/common-lisp/ros/move_base_msgs/msg/_package_hgpathplanner.lisp
Symlinking /home/duzhong/dzacs/devel/share/common-lisp/ros/move_base_msgs/msg/MoveBaseResult.lisp
Symlinking /home/duzhong/dzacs/devel/share/common-lisp/ros/move_base_msgs/msg/_package_MoveBaseGoal.lisp
Symlinking /home/duzhong/dzacs/devel/share/common-lisp/ros/move_base_msgs/msg/_package_MoveBaseFeedback.lisp
Symlinking /home/duzhong/dzacs/devel/share/common-lisp/ros/move_base_msgs/msg/_package_MoveBaseActionFeedback.lisp
Symlinking /home/duzhong/dzacs/devel/share/common-lisp/ros/move_base_msgs/msg/MoveBaseFeedback.lisp
Symlinking /home/duzhong/dzacs/devel/share/common-lisp/ros/move_base_msgs/msg/_package_MoveBaseActionGoal.lisp
Symlinking /home/duzhong/dzacs/devel/share/common-lisp/ros/move_base_msgs/msg/_package_MoveBaseAction.lisp
Symlinking /home/duzhong/dzacs/devel/share/common-lisp/ros/move_base_msgs/msg/hgpathplanner.lisp
Symlinking /home/duzhong/dzacs/devel/share/common-lisp/ros/move_base_msgs/msg/pathpoint.lisp
Symlinking /home/duzhong/dzacs/devel/share/common-lisp/ros/move_base_msgs/msg/MoveBaseActionFeedback.lisp
Symlinking /home/duzhong/dzacs/devel/share/common-lisp/ros/move_base_msgs/msg/_package_hglocation.lisp
Symlinking /home/duzhong/dzacs/devel/share/common-lisp/ros/move_base_msgs/msg/MoveBaseAction.lisp
Symlinking /home/duzhong/dzacs/devel/share/move_base_msgs/cmake/move_base_msgs-msg-paths.cmake
Symlinking /home/duzhong/dzacs/devel/share/move_base_msgs/cmake/move_base_msgsConfig.cmake
Symlinking /home/duzhong/dzacs/devel/share/move_base_msgs/cmake/move_base_msgs-msg-extras.cmake
Symlinking /home/duzhong/dzacs/devel/share/move_base_msgs/cmake/move_base_msgsConfig-version.cmake
Symlinking /home/duzhong/dzacs/devel/share/move_base_msgs/msg/MoveBaseResult.msg
Symlinking /home/duzhong/dzacs/devel/share/move_base_msgs/msg/MoveBaseActionFeedback.msg
Symlinking /home/duzhong/dzacs/devel/share/move_base_msgs/msg/MoveBaseFeedback.msg
Symlinking /home/duzhong/dzacs/devel/share/move_base_msgs/msg/MoveBaseActionResult.msg
Symlinking /home/duzhong/dzacs/devel/share/move_base_msgs/msg/MoveBaseActionGoal.msg
Symlinking /home/duzhong/dzacs/devel/share/move_base_msgs/msg/MoveBaseAction.msg
Symlinking /home/duzhong/dzacs/devel/share/move_base_msgs/msg/MoveBaseGoal.msg
Symlinking /home/duzhong/dzacs/devel/share/gennodejs/ros/move_base_msgs/_index.js
Symlinking /home/duzhong/dzacs/devel/share/gennodejs/ros/move_base_msgs/msg/MoveBaseActionFeedback.js
Symlinking /home/duzhong/dzacs/devel/share/gennodejs/ros/move_base_msgs/msg/MoveBaseFeedback.js
Symlinking /home/duzhong/dzacs/devel/share/gennodejs/ros/move_base_msgs/msg/MoveBaseAction.js
Symlinking /home/duzhong/dzacs/devel/share/gennodejs/ros/move_base_msgs/msg/MoveBaseActionGoal.js
Symlinking /home/duzhong/dzacs/devel/share/gennodejs/ros/move_base_msgs/msg/hgpathplanner.js
Symlinking /home/duzhong/dzacs/devel/share/gennodejs/ros/move_base_msgs/msg/_index.js
Symlinking /home/duzhong/dzacs/devel/share/gennodejs/ros/move_base_msgs/msg/MoveBaseActionResult.js
Symlinking /home/duzhong/dzacs/devel/share/gennodejs/ros/move_base_msgs/msg/MoveBaseGoal.js
Symlinking /home/duzhong/dzacs/devel/share/gennodejs/ros/move_base_msgs/msg/MoveBaseResult.js
Symlinking /home/duzhong/dzacs/devel/share/gennodejs/ros/move_base_msgs/msg/hglocation.js
Symlinking /home/duzhong/dzacs/devel/share/gennodejs/ros/move_base_msgs/msg/pathpoint.js
Symlinking /home/duzhong/dzacs/devel/share/roseus/ros/move_base_msgs/manifest.l
Symlinking /home/duzhong/dzacs/devel/share/roseus/ros/move_base_msgs/msg/hglocation.l
Symlinking /home/duzhong/dzacs/devel/share/roseus/ros/move_base_msgs/msg/MoveBaseAction.l
Symlinking /home/duzhong/dzacs/devel/share/roseus/ros/move_base_msgs/msg/MoveBaseActionGoal.l
Symlinking /home/duzhong/dzacs/devel/share/roseus/ros/move_base_msgs/msg/hgpathplanner.l
Symlinking /home/duzhong/dzacs/devel/share/roseus/ros/move_base_msgs/msg/MoveBaseFeedback.l
Symlinking /home/duzhong/dzacs/devel/share/roseus/ros/move_base_msgs/msg/pathpoint.l
Symlinking /home/duzhong/dzacs/devel/share/roseus/ros/move_base_msgs/msg/MoveBaseActionFeedback.l
Symlinking /home/duzhong/dzacs/devel/share/roseus/ros/move_base_msgs/msg/MoveBaseResult.l
Symlinking /home/duzhong/dzacs/devel/share/roseus/ros/move_base_msgs/msg/MoveBaseActionResult.l
Symlinking /home/duzhong/dzacs/devel/share/roseus/ros/move_base_msgs/msg/MoveBaseGoal.l
Symlinking /home/duzhong/dzacs/devel/lib/pkgconfig/move_base_msgs.pc
Symlinking /home/duzhong/dzacs/devel/lib/python3/dist-packages/move_base_msgs/__init__.py
Symlinking /home/duzhong/dzacs/devel/lib/python3/dist-packages/move_base_msgs/msg/_MoveBaseFeedback.py
Symlinking /home/duzhong/dzacs/devel/lib/python3/dist-packages/move_base_msgs/msg/_hgpathplanner.py
Symlinking /home/duzhong/dzacs/devel/lib/python3/dist-packages/move_base_msgs/msg/_MoveBaseActionGoal.py
Symlinking /home/duzhong/dzacs/devel/lib/python3/dist-packages/move_base_msgs/msg/_hglocation.py
Symlinking /home/duzhong/dzacs/devel/lib/python3/dist-packages/move_base_msgs/msg/_MoveBaseGoal.py
Symlinking /home/duzhong/dzacs/devel/lib/python3/dist-packages/move_base_msgs/msg/_MoveBaseActionFeedback.py
Symlinking /home/duzhong/dzacs/devel/lib/python3/dist-packages/move_base_msgs/msg/_MoveBaseActionResult.py
Symlinking /home/duzhong/dzacs/devel/lib/python3/dist-packages/move_base_msgs/msg/_MoveBaseResult.py
Symlinking /home/duzhong/dzacs/devel/lib/python3/dist-packages/move_base_msgs/msg/_pathpoint.py
Symlinking /home/duzhong/dzacs/devel/lib/python3/dist-packages/move_base_msgs/msg/_MoveBaseAction.py
Symlinking /home/duzhong/dzacs/devel/lib/python3/dist-packages/move_base_msgs/msg/__init__.py
