[35m[1mScanning dependencies of target _move_base_msgs_generate_messages_check_deps_hglocation[0m
[  0%] Built target _move_base_msgs_generate_messages_check_deps_hglocation
[35m[1mScanning dependencies of target _move_base_msgs_generate_messages_check_deps_MoveBaseFeedback[0m
[  0%] Built target _move_base_msgs_generate_messages_check_deps_MoveBaseFeedback
[35m[1mScanning dependencies of target _move_base_msgs_generate_messages_check_deps_MoveBaseResult[0m
[  0%] Built target _move_base_msgs_generate_messages_check_deps_MoveBaseResult
[35m[1mScanning dependencies of target _move_base_msgs_generate_messages_check_deps_MoveBaseGoal[0m
[  0%] Built target _move_base_msgs_generate_messages_check_deps_MoveBaseGoal
[35m[1mScanning dependencies of target _move_base_msgs_generate_messages_check_deps_MoveBaseActionFeedback[0m
[  0%] Built target _move_base_msgs_generate_messages_check_deps_MoveBaseActionFeedback
[35m[1mScanning dependencies of target _move_base_msgs_generate_messages_check_deps_MoveBaseActionResult[0m
[  0%] Built target _move_base_msgs_generate_messages_check_deps_MoveBaseActionResult
[35m[1mScanning dependencies of target _move_base_msgs_generate_messages_check_deps_MoveBaseActionGoal[0m
[  0%] Built target _move_base_msgs_generate_messages_check_deps_MoveBaseActionGoal
[35m[1mScanning dependencies of target _move_base_msgs_generate_messages_check_deps_hgpathplanner[0m
[  0%] Built target _move_base_msgs_generate_messages_check_deps_hgpathplanner
[35m[1mScanning dependencies of target _move_base_msgs_generate_messages_check_deps_MoveBaseAction[0m
[  0%] Built target _move_base_msgs_generate_messages_check_deps_MoveBaseAction
[35m[1mScanning dependencies of target std_msgs_generate_messages_cpp[0m
[  0%] Built target std_msgs_generate_messages_cpp
[35m[1mScanning dependencies of target actionlib_msgs_generate_messages_cpp[0m
[  0%] Built target actionlib_msgs_generate_messages_cpp
[35m[1mScanning dependencies of target visualization_msgs_generate_messages_cpp[0m
[  0%] Built target visualization_msgs_generate_messages_cpp
[35m[1mScanning dependencies of target geometry_msgs_generate_messages_cpp[0m
[  0%] Built target geometry_msgs_generate_messages_cpp
[35m[1mScanning dependencies of target _move_base_msgs_generate_messages_check_deps_pathpoint[0m
[  0%] Built target _move_base_msgs_generate_messages_check_deps_pathpoint
[35m[1mScanning dependencies of target actionlib_msgs_generate_messages_lisp[0m
[  0%] Built target actionlib_msgs_generate_messages_lisp
[35m[1mScanning dependencies of target std_msgs_generate_messages_lisp[0m
[  0%] Built target std_msgs_generate_messages_lisp
[35m[1mScanning dependencies of target geometry_msgs_generate_messages_lisp[0m
[  0%] Built target geometry_msgs_generate_messages_lisp
[35m[1mScanning dependencies of target visualization_msgs_generate_messages_lisp[0m
[  0%] Built target visualization_msgs_generate_messages_lisp
[35m[1mScanning dependencies of target std_msgs_generate_messages_eus[0m
[  0%] Built target std_msgs_generate_messages_eus
[35m[1mScanning dependencies of target visualization_msgs_generate_messages_eus[0m
[  0%] Built target visualization_msgs_generate_messages_eus
[35m[1mScanning dependencies of target actionlib_msgs_generate_messages_eus[0m
[  0%] Built target actionlib_msgs_generate_messages_eus
[35m[1mScanning dependencies of target geometry_msgs_generate_messages_eus[0m
[  0%] Built target geometry_msgs_generate_messages_eus
[35m[1mScanning dependencies of target actionlib_msgs_generate_messages_nodejs[0m
[  0%] Built target actionlib_msgs_generate_messages_nodejs
[35m[1mScanning dependencies of target visualization_msgs_generate_messages_nodejs[0m
[  0%] Built target visualization_msgs_generate_messages_nodejs
[35m[1mScanning dependencies of target geometry_msgs_generate_messages_nodejs[0m
[  0%] Built target geometry_msgs_generate_messages_nodejs
[35m[1mScanning dependencies of target std_msgs_generate_messages_nodejs[0m
[  0%] Built target std_msgs_generate_messages_nodejs
[35m[1mScanning dependencies of target actionlib_msgs_generate_messages_py[0m
[  0%] Built target actionlib_msgs_generate_messages_py
[35m[1mScanning dependencies of target std_msgs_generate_messages_py[0m
[  0%] Built target std_msgs_generate_messages_py
[35m[1mScanning dependencies of target visualization_msgs_generate_messages_py[0m
[  0%] Built target visualization_msgs_generate_messages_py
[35m[1mScanning dependencies of target geometry_msgs_generate_messages_py[0m
[  0%] Built target geometry_msgs_generate_messages_py
[35m[1mScanning dependencies of target move_base_msgs_generate_messages_cpp[0m
[  1%] [34m[1mGenerating C++ code from move_base_msgs/pathpoint.msg[0m
[  3%] [34m[1mGenerating C++ code from move_base_msgs/hgpathplanner.msg[0m
[  5%] [34m[1mGenerating C++ code from move_base_msgs/hglocation.msg[0m
[  7%] [34m[1mGenerating C++ code from move_base_msgs/MoveBaseAction.msg[0m
[  9%] [34m[1mGenerating C++ code from move_base_msgs/MoveBaseActionGoal.msg[0m
[ 11%] [34m[1mGenerating C++ code from move_base_msgs/MoveBaseActionResult.msg[0m
[ 13%] [34m[1mGenerating C++ code from move_base_msgs/MoveBaseActionFeedback.msg[0m
[ 15%] [34m[1mGenerating C++ code from move_base_msgs/MoveBaseGoal.msg[0m
[ 17%] [34m[1mGenerating C++ code from move_base_msgs/MoveBaseResult.msg[0m
[ 19%] [34m[1mGenerating C++ code from move_base_msgs/MoveBaseFeedback.msg[0m
[ 19%] Built target move_base_msgs_generate_messages_cpp
[35m[1mScanning dependencies of target move_base_msgs_generate_messages_lisp[0m
[ 21%] [34m[1mGenerating Lisp code from move_base_msgs/pathpoint.msg[0m
[ 23%] [34m[1mGenerating Lisp code from move_base_msgs/hgpathplanner.msg[0m
[ 25%] [34m[1mGenerating Lisp code from move_base_msgs/hglocation.msg[0m
[ 26%] [34m[1mGenerating Lisp code from move_base_msgs/MoveBaseAction.msg[0m
[ 28%] [34m[1mGenerating Lisp code from move_base_msgs/MoveBaseActionGoal.msg[0m
[ 30%] [34m[1mGenerating Lisp code from move_base_msgs/MoveBaseActionResult.msg[0m
[ 32%] [34m[1mGenerating Lisp code from move_base_msgs/MoveBaseActionFeedback.msg[0m
[ 34%] [34m[1mGenerating Lisp code from move_base_msgs/MoveBaseGoal.msg[0m
[ 36%] [34m[1mGenerating Lisp code from move_base_msgs/MoveBaseResult.msg[0m
[ 38%] [34m[1mGenerating Lisp code from move_base_msgs/MoveBaseFeedback.msg[0m
[ 38%] Built target move_base_msgs_generate_messages_lisp
[35m[1mScanning dependencies of target move_base_msgs_generate_messages_eus[0m
[ 40%] [34m[1mGenerating EusLisp code from move_base_msgs/pathpoint.msg[0m
[ 42%] [34m[1mGenerating EusLisp code from move_base_msgs/hgpathplanner.msg[0m
[ 44%] [34m[1mGenerating EusLisp code from move_base_msgs/hglocation.msg[0m
[ 46%] [34m[1mGenerating EusLisp code from move_base_msgs/MoveBaseAction.msg[0m
[ 48%] [34m[1mGenerating EusLisp code from move_base_msgs/MoveBaseActionGoal.msg[0m
[ 50%] [34m[1mGenerating EusLisp code from move_base_msgs/MoveBaseActionResult.msg[0m
[ 51%] [34m[1mGenerating EusLisp code from move_base_msgs/MoveBaseActionFeedback.msg[0m
[ 53%] [34m[1mGenerating EusLisp code from move_base_msgs/MoveBaseGoal.msg[0m
[ 55%] [34m[1mGenerating EusLisp code from move_base_msgs/MoveBaseResult.msg[0m
[ 57%] [34m[1mGenerating EusLisp code from move_base_msgs/MoveBaseFeedback.msg[0m
[ 59%] [34m[1mGenerating EusLisp manifest code for move_base_msgs[0m
[ 59%] Built target move_base_msgs_generate_messages_eus
[35m[1mScanning dependencies of target move_base_msgs_generate_messages_nodejs[0m
[ 61%] [34m[1mGenerating Javascript code from move_base_msgs/pathpoint.msg[0m
[ 63%] [34m[1mGenerating Javascript code from move_base_msgs/hgpathplanner.msg[0m
[ 65%] [34m[1mGenerating Javascript code from move_base_msgs/hglocation.msg[0m
[ 67%] [34m[1mGenerating Javascript code from move_base_msgs/MoveBaseAction.msg[0m
[ 69%] [34m[1mGenerating Javascript code from move_base_msgs/MoveBaseActionGoal.msg[0m
[ 71%] [34m[1mGenerating Javascript code from move_base_msgs/MoveBaseActionResult.msg[0m
[ 73%] [34m[1mGenerating Javascript code from move_base_msgs/MoveBaseActionFeedback.msg[0m
[ 75%] [34m[1mGenerating Javascript code from move_base_msgs/MoveBaseGoal.msg[0m
[ 76%] [34m[1mGenerating Javascript code from move_base_msgs/MoveBaseResult.msg[0m
[35m[1mScanning dependencies of target move_base_msgs_generate_messages_py[0m
[ 78%] [34m[1mGenerating Javascript code from move_base_msgs/MoveBaseFeedback.msg[0m
[ 80%] [34m[1mGenerating Python from MSG move_base_msgs/pathpoint[0m
[ 80%] Built target move_base_msgs_generate_messages_nodejs
[ 82%] [34m[1mGenerating Python from MSG move_base_msgs/hgpathplanner[0m
[ 84%] [34m[1mGenerating Python from MSG move_base_msgs/hglocation[0m
[ 86%] [34m[1mGenerating Python from MSG move_base_msgs/MoveBaseAction[0m
[ 88%] [34m[1mGenerating Python from MSG move_base_msgs/MoveBaseActionGoal[0m
[ 90%] [34m[1mGenerating Python from MSG move_base_msgs/MoveBaseActionResult[0m
[ 92%] [34m[1mGenerating Python from MSG move_base_msgs/MoveBaseActionFeedback[0m
[ 94%] [34m[1mGenerating Python from MSG move_base_msgs/MoveBaseGoal[0m
[ 96%] [34m[1mGenerating Python from MSG move_base_msgs/MoveBaseResult[0m
[ 98%] [34m[1mGenerating Python from MSG move_base_msgs/MoveBaseFeedback[0m
[100%] [34m[1mGenerating Python msg __init__.py for move_base_msgs[0m
[100%] Built target move_base_msgs_generate_messages_py
[35m[1mScanning dependencies of target move_base_msgs_generate_messages[0m
[100%] Built target move_base_msgs_generate_messages
