Performing C SOURCE FILE Test CMAKE_HAVE_LIBC_PTHREAD failed with the following output:
Change Dir: /home/duzhong/dzacs/build/CMakeFiles/CMakeTmp

Run Build Command(s):/usr/bin/make cmTC_67059/fast && /usr/bin/make -f CMakeFiles/cmTC_67059.dir/build.make CMakeFiles/cmTC_67059.dir/build
make[1]: Entering directory '/home/duzhong/dzacs/build/CMakeFiles/CMakeTmp'
Building C object CMakeFiles/cmTC_67059.dir/src.c.o
/usr/bin/cc   -DCMAKE_HAVE_LIBC_PTHREAD   -o CMakeFiles/cmTC_67059.dir/src.c.o   -c /home/duzhong/dzacs/build/CMakeFiles/CMakeTmp/src.c
Linking C executable cmTC_67059
/usr/bin/cmake -E cmake_link_script CMakeFiles/cmTC_67059.dir/link.txt --verbose=1
/usr/bin/cc  -DCMAKE_HAVE_LIBC_PTHREAD    -rdynamic CMakeFiles/cmTC_67059.dir/src.c.o  -o cmTC_67059 
/usr/bin/ld: CMakeFiles/cmTC_67059.dir/src.c.o: in function `main':
src.c:(.text+0x48): undefined reference to `pthread_create'
/usr/bin/ld: src.c:(.text+0x50): undefined reference to `pthread_detach'
/usr/bin/ld: src.c:(.text+0x5c): undefined reference to `pthread_join'
collect2: error: ld returned 1 exit status
make[1]: *** [CMakeFiles/cmTC_67059.dir/build.make:87: cmTC_67059] Error 1
make[1]: Leaving directory '/home/duzhong/dzacs/build/CMakeFiles/CMakeTmp'
make: *** [Makefile:121: cmTC_67059/fast] Error 2


Source file was:
#include <pthread.h>

void* test_func(void* data)
{
  return data;
}

int main(void)
{
  pthread_t thread;
  pthread_create(&thread, NULL, test_func, NULL);
  pthread_detach(thread);
  pthread_join(thread, NULL);
  pthread_atfork(NULL, NULL, NULL);
  pthread_exit(NULL);

  return 0;
}

Determining if the function pthread_create exists in the pthreads failed with the following output:
Change Dir: /home/duzhong/dzacs/build/CMakeFiles/CMakeTmp

Run Build Command(s):/usr/bin/make cmTC_77d41/fast && /usr/bin/make -f CMakeFiles/cmTC_77d41.dir/build.make CMakeFiles/cmTC_77d41.dir/build
make[1]: Entering directory '/home/duzhong/dzacs/build/CMakeFiles/CMakeTmp'
Building C object CMakeFiles/cmTC_77d41.dir/CheckFunctionExists.c.o
/usr/bin/cc   -DCHECK_FUNCTION_EXISTS=pthread_create   -o CMakeFiles/cmTC_77d41.dir/CheckFunctionExists.c.o   -c /usr/share/cmake-3.16/Modules/CheckFunctionExists.c
Linking C executable cmTC_77d41
/usr/bin/cmake -E cmake_link_script CMakeFiles/cmTC_77d41.dir/link.txt --verbose=1
/usr/bin/cc  -DCHECK_FUNCTION_EXISTS=pthread_create    -rdynamic CMakeFiles/cmTC_77d41.dir/CheckFunctionExists.c.o  -o cmTC_77d41  -lpthreads 
/usr/bin/ld: cannot find -lpthreads
collect2: error: ld returned 1 exit status
make[1]: *** [CMakeFiles/cmTC_77d41.dir/build.make:87: cmTC_77d41] Error 1
make[1]: Leaving directory '/home/duzhong/dzacs/build/CMakeFiles/CMakeTmp'
make: *** [Makefile:121: cmTC_77d41/fast] Error 2



Performing C SOURCE FILE Test CMAKE_HAVE_LIBC_PTHREAD failed with the following output:
Change Dir: /home/duzhong/dzacs/build/CMakeFiles/CMakeTmp

Run Build Command(s):/usr/bin/make cmTC_83744/fast && make[1]: Entering directory '/home/duzhong/dzacs/build/CMakeFiles/CMakeTmp'
/usr/bin/make -f CMakeFiles/cmTC_83744.dir/build.make CMakeFiles/cmTC_83744.dir/build
make[2]: Entering directory '/home/duzhong/dzacs/build/CMakeFiles/CMakeTmp'
Building C object CMakeFiles/cmTC_83744.dir/src.c.o
/usr/bin/cc   -DCMAKE_HAVE_LIBC_PTHREAD   -o CMakeFiles/cmTC_83744.dir/src.c.o   -c /home/duzhong/dzacs/build/CMakeFiles/CMakeTmp/src.c
Linking C executable cmTC_83744
/usr/bin/cmake -E cmake_link_script CMakeFiles/cmTC_83744.dir/link.txt --verbose=1
/usr/bin/cc  -DCMAKE_HAVE_LIBC_PTHREAD    -rdynamic CMakeFiles/cmTC_83744.dir/src.c.o  -o cmTC_83744 
/usr/bin/ld: CMakeFiles/cmTC_83744.dir/src.c.o: in function `main':
src.c:(.text+0x48): undefined reference to `pthread_create'
/usr/bin/ld: src.c:(.text+0x50): undefined reference to `pthread_detach'
/usr/bin/ld: src.c:(.text+0x5c): undefined reference to `pthread_join'
collect2: error: ld returned 1 exit status
make[2]: *** [CMakeFiles/cmTC_83744.dir/build.make:87: cmTC_83744] Error 1
make[2]: Leaving directory '/home/duzhong/dzacs/build/CMakeFiles/CMakeTmp'
make[1]: *** [Makefile:121: cmTC_83744/fast] Error 2
make[1]: Leaving directory '/home/duzhong/dzacs/build/CMakeFiles/CMakeTmp'


Source file was:
#include <pthread.h>

void* test_func(void* data)
{
  return data;
}

int main(void)
{
  pthread_t thread;
  pthread_create(&thread, NULL, test_func, NULL);
  pthread_detach(thread);
  pthread_join(thread, NULL);
  pthread_atfork(NULL, NULL, NULL);
  pthread_exit(NULL);

  return 0;
}

Determining if the function pthread_create exists in the pthreads failed with the following output:
Change Dir: /home/duzhong/dzacs/build/CMakeFiles/CMakeTmp

Run Build Command(s):/usr/bin/make cmTC_3a67a/fast && make[1]: Entering directory '/home/duzhong/dzacs/build/CMakeFiles/CMakeTmp'
/usr/bin/make -f CMakeFiles/cmTC_3a67a.dir/build.make CMakeFiles/cmTC_3a67a.dir/build
make[2]: Entering directory '/home/duzhong/dzacs/build/CMakeFiles/CMakeTmp'
Building C object CMakeFiles/cmTC_3a67a.dir/CheckFunctionExists.c.o
/usr/bin/cc   -DCHECK_FUNCTION_EXISTS=pthread_create   -o CMakeFiles/cmTC_3a67a.dir/CheckFunctionExists.c.o   -c /usr/share/cmake-3.16/Modules/CheckFunctionExists.c
Linking C executable cmTC_3a67a
/usr/bin/cmake -E cmake_link_script CMakeFiles/cmTC_3a67a.dir/link.txt --verbose=1
/usr/bin/cc  -DCHECK_FUNCTION_EXISTS=pthread_create    -rdynamic CMakeFiles/cmTC_3a67a.dir/CheckFunctionExists.c.o  -o cmTC_3a67a  -lpthreads 
/usr/bin/ld: cannot find -lpthreads
collect2: error: ld returned 1 exit status
make[2]: *** [CMakeFiles/cmTC_3a67a.dir/build.make:87: cmTC_3a67a] Error 1
make[2]: Leaving directory '/home/duzhong/dzacs/build/CMakeFiles/CMakeTmp'
make[1]: *** [Makefile:121: cmTC_3a67a/fast] Error 2
make[1]: Leaving directory '/home/duzhong/dzacs/build/CMakeFiles/CMakeTmp'



Performing C SOURCE FILE Test CMAKE_HAVE_LIBC_PTHREAD failed with the following output:
Change Dir: /home/duzhong/dzacs/build/CMakeFiles/CMakeTmp

Run Build Command(s):/usr/bin/make cmTC_e5392/fast && make[1]: Entering directory '/home/duzhong/dzacs/build/CMakeFiles/CMakeTmp'
/usr/bin/make -f CMakeFiles/cmTC_e5392.dir/build.make CMakeFiles/cmTC_e5392.dir/build
make[2]: Entering directory '/home/duzhong/dzacs/build/CMakeFiles/CMakeTmp'
Building C object CMakeFiles/cmTC_e5392.dir/src.c.o
/usr/bin/cc   -DCMAKE_HAVE_LIBC_PTHREAD   -o CMakeFiles/cmTC_e5392.dir/src.c.o   -c /home/duzhong/dzacs/build/CMakeFiles/CMakeTmp/src.c
Linking C executable cmTC_e5392
/usr/bin/cmake -E cmake_link_script CMakeFiles/cmTC_e5392.dir/link.txt --verbose=1
/usr/bin/cc  -DCMAKE_HAVE_LIBC_PTHREAD    -rdynamic CMakeFiles/cmTC_e5392.dir/src.c.o  -o cmTC_e5392 
/usr/bin/ld: CMakeFiles/cmTC_e5392.dir/src.c.o: in function `main':
src.c:(.text+0x48): undefined reference to `pthread_create'
/usr/bin/ld: src.c:(.text+0x50): undefined reference to `pthread_detach'
/usr/bin/ld: src.c:(.text+0x5c): undefined reference to `pthread_join'
collect2: error: ld returned 1 exit status
make[2]: *** [CMakeFiles/cmTC_e5392.dir/build.make:87: cmTC_e5392] Error 1
make[2]: Leaving directory '/home/duzhong/dzacs/build/CMakeFiles/CMakeTmp'
make[1]: *** [Makefile:121: cmTC_e5392/fast] Error 2
make[1]: Leaving directory '/home/duzhong/dzacs/build/CMakeFiles/CMakeTmp'


Source file was:
#include <pthread.h>

void* test_func(void* data)
{
  return data;
}

int main(void)
{
  pthread_t thread;
  pthread_create(&thread, NULL, test_func, NULL);
  pthread_detach(thread);
  pthread_join(thread, NULL);
  pthread_atfork(NULL, NULL, NULL);
  pthread_exit(NULL);

  return 0;
}

Determining if the function pthread_create exists in the pthreads failed with the following output:
Change Dir: /home/duzhong/dzacs/build/CMakeFiles/CMakeTmp

Run Build Command(s):/usr/bin/make cmTC_c371f/fast && make[1]: Entering directory '/home/duzhong/dzacs/build/CMakeFiles/CMakeTmp'
/usr/bin/make -f CMakeFiles/cmTC_c371f.dir/build.make CMakeFiles/cmTC_c371f.dir/build
make[2]: Entering directory '/home/duzhong/dzacs/build/CMakeFiles/CMakeTmp'
Building C object CMakeFiles/cmTC_c371f.dir/CheckFunctionExists.c.o
/usr/bin/cc   -DCHECK_FUNCTION_EXISTS=pthread_create   -o CMakeFiles/cmTC_c371f.dir/CheckFunctionExists.c.o   -c /usr/share/cmake-3.16/Modules/CheckFunctionExists.c
Linking C executable cmTC_c371f
/usr/bin/cmake -E cmake_link_script CMakeFiles/cmTC_c371f.dir/link.txt --verbose=1
/usr/bin/cc  -DCHECK_FUNCTION_EXISTS=pthread_create    -rdynamic CMakeFiles/cmTC_c371f.dir/CheckFunctionExists.c.o  -o cmTC_c371f  -lpthreads 
/usr/bin/ld: cannot find -lpthreads
collect2: error: ld returned 1 exit status
make[2]: *** [CMakeFiles/cmTC_c371f.dir/build.make:87: cmTC_c371f] Error 1
make[2]: Leaving directory '/home/duzhong/dzacs/build/CMakeFiles/CMakeTmp'
make[1]: *** [Makefile:121: cmTC_c371f/fast] Error 2
make[1]: Leaving directory '/home/duzhong/dzacs/build/CMakeFiles/CMakeTmp'



