Symlinking /home/duzhong/dzacs/devel/include/map_msgs/ProjectedMapsInfoResponse.h
Symlinking /home/duzhong/dzacs/devel/include/map_msgs/SaveMapResponse.h
Symlinking /home/duzhong/dzacs/devel/include/map_msgs/GetPointMap.h
Symlinking /home/duzhong/dzacs/devel/include/map_msgs/GetPointMapRequest.h
Symlinking /home/duzhong/dzacs/devel/include/map_msgs/PointCloud2Update.h
Symlinking /home/duzhong/dzacs/devel/include/map_msgs/SaveMap.h
Symlinking /home/duzhong/dzacs/devel/include/map_msgs/SetMapProjectionsResponse.h
Symlinking /home/duzhong/dzacs/devel/include/map_msgs/GetPointMapResponse.h
Symlinking /home/duzhong/dzacs/devel/include/map_msgs/GetMapROIResponse.h
Symlinking /home/duzhong/dzacs/devel/include/map_msgs/ProjectedMapsInfoRequest.h
Symlinking /home/duzhong/dzacs/devel/include/map_msgs/ProjectedMapsInfo.h
Symlinking /home/duzhong/dzacs/devel/include/map_msgs/GetPointMapROIRequest.h
Symlinking /home/duzhong/dzacs/devel/include/map_msgs/GetPointMapROIResponse.h
Symlinking /home/duzhong/dzacs/devel/include/map_msgs/ProjectedMapInfo.h
Symlinking /home/duzhong/dzacs/devel/include/map_msgs/SaveMapRequest.h
Symlinking /home/duzhong/dzacs/devel/include/map_msgs/GetMapROI.h
Symlinking /home/duzhong/dzacs/devel/include/map_msgs/SetMapProjections.h
Symlinking /home/duzhong/dzacs/devel/include/map_msgs/OccupancyGridUpdate.h
Symlinking /home/duzhong/dzacs/devel/include/map_msgs/SetMapProjectionsRequest.h
Symlinking /home/duzhong/dzacs/devel/include/map_msgs/ProjectedMap.h
Symlinking /home/duzhong/dzacs/devel/include/map_msgs/GetMapROIRequest.h
Symlinking /home/duzhong/dzacs/devel/include/map_msgs/GetPointMapROI.h
Symlinking /home/duzhong/dzacs/devel/share/common-lisp/ros/map_msgs/msg/_package.lisp
Symlinking /home/duzhong/dzacs/devel/share/common-lisp/ros/map_msgs/msg/OccupancyGridUpdate.lisp
Symlinking /home/duzhong/dzacs/devel/share/common-lisp/ros/map_msgs/msg/_package_ProjectedMap.lisp
Symlinking /home/duzhong/dzacs/devel/share/common-lisp/ros/map_msgs/msg/map_msgs-msg.asd
Symlinking /home/duzhong/dzacs/devel/share/common-lisp/ros/map_msgs/msg/PointCloud2Update.lisp
Symlinking /home/duzhong/dzacs/devel/share/common-lisp/ros/map_msgs/msg/_package_PointCloud2Update.lisp
Symlinking /home/duzhong/dzacs/devel/share/common-lisp/ros/map_msgs/msg/ProjectedMap.lisp
Symlinking /home/duzhong/dzacs/devel/share/common-lisp/ros/map_msgs/msg/_package_OccupancyGridUpdate.lisp
Symlinking /home/duzhong/dzacs/devel/share/common-lisp/ros/map_msgs/msg/ProjectedMapInfo.lisp
Symlinking /home/duzhong/dzacs/devel/share/common-lisp/ros/map_msgs/msg/_package_ProjectedMapInfo.lisp
Symlinking /home/duzhong/dzacs/devel/share/common-lisp/ros/map_msgs/srv/SetMapProjections.lisp
Symlinking /home/duzhong/dzacs/devel/share/common-lisp/ros/map_msgs/srv/_package.lisp
Symlinking /home/duzhong/dzacs/devel/share/common-lisp/ros/map_msgs/srv/map_msgs-srv.asd
Symlinking /home/duzhong/dzacs/devel/share/common-lisp/ros/map_msgs/srv/_package_SaveMap.lisp
Symlinking /home/duzhong/dzacs/devel/share/common-lisp/ros/map_msgs/srv/_package_SetMapProjections.lisp
Symlinking /home/duzhong/dzacs/devel/share/common-lisp/ros/map_msgs/srv/_package_GetPointMapROI.lisp
Symlinking /home/duzhong/dzacs/devel/share/common-lisp/ros/map_msgs/srv/SaveMap.lisp
Symlinking /home/duzhong/dzacs/devel/share/common-lisp/ros/map_msgs/srv/GetPointMapROI.lisp
Symlinking /home/duzhong/dzacs/devel/share/common-lisp/ros/map_msgs/srv/GetMapROI.lisp
Symlinking /home/duzhong/dzacs/devel/share/common-lisp/ros/map_msgs/srv/_package_ProjectedMapsInfo.lisp
Symlinking /home/duzhong/dzacs/devel/share/common-lisp/ros/map_msgs/srv/ProjectedMapsInfo.lisp
Symlinking /home/duzhong/dzacs/devel/share/common-lisp/ros/map_msgs/srv/GetPointMap.lisp
Symlinking /home/duzhong/dzacs/devel/share/common-lisp/ros/map_msgs/srv/_package_GetPointMap.lisp
Symlinking /home/duzhong/dzacs/devel/share/common-lisp/ros/map_msgs/srv/_package_GetMapROI.lisp
Symlinking /home/duzhong/dzacs/devel/share/map_msgs/cmake/map_msgsConfig.cmake
Symlinking /home/duzhong/dzacs/devel/share/map_msgs/cmake/map_msgsConfig-version.cmake
Symlinking /home/duzhong/dzacs/devel/share/map_msgs/cmake/map_msgs-msg-paths.cmake
Symlinking /home/duzhong/dzacs/devel/share/map_msgs/cmake/map_msgs-msg-extras.cmake
Symlinking /home/duzhong/dzacs/devel/share/gennodejs/ros/map_msgs/_index.js
Symlinking /home/duzhong/dzacs/devel/share/gennodejs/ros/map_msgs/msg/OccupancyGridUpdate.js
Symlinking /home/duzhong/dzacs/devel/share/gennodejs/ros/map_msgs/msg/ProjectedMapInfo.js
Symlinking /home/duzhong/dzacs/devel/share/gennodejs/ros/map_msgs/msg/_index.js
Symlinking /home/duzhong/dzacs/devel/share/gennodejs/ros/map_msgs/msg/PointCloud2Update.js
Symlinking /home/duzhong/dzacs/devel/share/gennodejs/ros/map_msgs/msg/ProjectedMap.js
Symlinking /home/duzhong/dzacs/devel/share/gennodejs/ros/map_msgs/srv/ProjectedMapsInfo.js
Symlinking /home/duzhong/dzacs/devel/share/gennodejs/ros/map_msgs/srv/SaveMap.js
Symlinking /home/duzhong/dzacs/devel/share/gennodejs/ros/map_msgs/srv/_index.js
Symlinking /home/duzhong/dzacs/devel/share/gennodejs/ros/map_msgs/srv/GetPointMapROI.js
Symlinking /home/duzhong/dzacs/devel/share/gennodejs/ros/map_msgs/srv/GetMapROI.js
Symlinking /home/duzhong/dzacs/devel/share/gennodejs/ros/map_msgs/srv/GetPointMap.js
Symlinking /home/duzhong/dzacs/devel/share/gennodejs/ros/map_msgs/srv/SetMapProjections.js
Symlinking /home/duzhong/dzacs/devel/share/roseus/ros/map_msgs/manifest.l
Symlinking /home/duzhong/dzacs/devel/share/roseus/ros/map_msgs/msg/PointCloud2Update.l
Symlinking /home/duzhong/dzacs/devel/share/roseus/ros/map_msgs/msg/OccupancyGridUpdate.l
Symlinking /home/duzhong/dzacs/devel/share/roseus/ros/map_msgs/msg/ProjectedMap.l
Symlinking /home/duzhong/dzacs/devel/share/roseus/ros/map_msgs/msg/ProjectedMapInfo.l
Symlinking /home/duzhong/dzacs/devel/share/roseus/ros/map_msgs/srv/GetPointMapROI.l
Symlinking /home/duzhong/dzacs/devel/share/roseus/ros/map_msgs/srv/ProjectedMapsInfo.l
Symlinking /home/duzhong/dzacs/devel/share/roseus/ros/map_msgs/srv/SaveMap.l
Symlinking /home/duzhong/dzacs/devel/share/roseus/ros/map_msgs/srv/GetMapROI.l
Symlinking /home/duzhong/dzacs/devel/share/roseus/ros/map_msgs/srv/SetMapProjections.l
Symlinking /home/duzhong/dzacs/devel/share/roseus/ros/map_msgs/srv/GetPointMap.l
Symlinking /home/duzhong/dzacs/devel/lib/pkgconfig/map_msgs.pc
Symlinking /home/duzhong/dzacs/devel/lib/python3/dist-packages/map_msgs/__init__.py
Symlinking /home/duzhong/dzacs/devel/lib/python3/dist-packages/map_msgs/msg/_ProjectedMapInfo.py
Symlinking /home/duzhong/dzacs/devel/lib/python3/dist-packages/map_msgs/msg/_PointCloud2Update.py
Symlinking /home/duzhong/dzacs/devel/lib/python3/dist-packages/map_msgs/msg/_ProjectedMap.py
Symlinking /home/duzhong/dzacs/devel/lib/python3/dist-packages/map_msgs/msg/_OccupancyGridUpdate.py
Symlinking /home/duzhong/dzacs/devel/lib/python3/dist-packages/map_msgs/msg/__init__.py
Symlinking /home/duzhong/dzacs/devel/lib/python3/dist-packages/map_msgs/srv/_GetPointMapROI.py
Symlinking /home/duzhong/dzacs/devel/lib/python3/dist-packages/map_msgs/srv/_SaveMap.py
Symlinking /home/duzhong/dzacs/devel/lib/python3/dist-packages/map_msgs/srv/_GetMapROI.py
Symlinking /home/duzhong/dzacs/devel/lib/python3/dist-packages/map_msgs/srv/_ProjectedMapsInfo.py
Symlinking /home/duzhong/dzacs/devel/lib/python3/dist-packages/map_msgs/srv/_GetPointMap.py
Symlinking /home/duzhong/dzacs/devel/lib/python3/dist-packages/map_msgs/srv/_SetMapProjections.py
Symlinking /home/duzhong/dzacs/devel/lib/python3/dist-packages/map_msgs/srv/__init__.py
